Archive member included to satisfy reference by file (symbol)

c:/program files (x86)/atmel/microchip studio/7.0/toolchain/avr8/avr8-gnu-toolchain/bin/../lib/gcc/avr/5.4.0/avrxmega4\libgcc.a(_udivmodsi4.o)
                              src/uart_comm.o (__udivmodsi4)
c:/program files (x86)/atmel/microchip studio/7.0/toolchain/avr8/avr8-gnu-toolchain/bin/../lib/gcc/avr/5.4.0/avrxmega4\libgcc.a(_exit.o)
                              C:/Program Files (x86)/Atmel/Microchip Studio/7.0/Packs/Atmel/AVR-Dx_DFP/2.8.337/gcc/dev/avr128da48/avrxmega4/crtavr128da48.o (exit)
c:/program files (x86)/atmel/microchip studio/7.0/toolchain/avr8/avr8-gnu-toolchain/bin/../lib/gcc/avr/5.4.0/avrxmega4\libgcc.a(_copy_data.o)
                              src/app.o (__do_copy_data)
c:/program files (x86)/atmel/microchip studio/7.0/toolchain/avr8/avr8-gnu-toolchain/bin/../lib/gcc/avr/5.4.0/../../../../avr/lib/avrxmega4\libc.a(memcpy.o)
                              src/mock_comm.o (memcpy)
C:/Program Files (x86)/Atmel/Microchip Studio/7.0/Packs/Atmel/AVR-Dx_DFP/2.8.337/gcc/dev/avr128da48/avrxmega4\libavr128da48.a(ccp_write.o)
                              src/bsp.o (ccp_write_io)

Discarded input sections

 .data          0x00000000        0x0 C:/Program Files (x86)/Atmel/Microchip Studio/7.0/Packs/Atmel/AVR-Dx_DFP/2.8.337/gcc/dev/avr128da48/avrxmega4/crtavr128da48.o
 .bss           0x00000000        0x0 C:/Program Files (x86)/Atmel/Microchip Studio/7.0/Packs/Atmel/AVR-Dx_DFP/2.8.337/gcc/dev/avr128da48/avrxmega4/crtavr128da48.o
 .text          0x00000000        0x0 main.o
 .data          0x00000000        0x0 main.o
 .bss           0x00000000        0x0 main.o
 .text          0x00000000        0x0 src/app.o
 .data          0x00000000        0x0 src/app.o
 .bss           0x00000000        0x0 src/app.o
 .text          0x00000000        0x0 src/bsp.o
 .data          0x00000000        0x0 src/bsp.o
 .bss           0x00000000        0x0 src/bsp.o
 .text          0x00000000        0x0 src/gpio_led.o
 .data          0x00000000        0x0 src/gpio_led.o
 .bss           0x00000000        0x0 src/gpio_led.o
 .text          0x00000000        0x0 src/mock_comm.o
 .data          0x00000000        0x0 src/mock_comm.o
 .bss           0x00000000        0x0 src/mock_comm.o
 .text.mock_read_impl
                0x00000000        0x6 src/mock_comm.o
 .text.mock_write_impl
                0x00000000       0x64 src/mock_comm.o
 .text.mock_comm_create
                0x00000000       0x2c src/mock_comm.o
 .debug_info    0x00000000      0x277 src/mock_comm.o
 .debug_abbrev  0x00000000      0x130 src/mock_comm.o
 .debug_loc     0x00000000      0x241 src/mock_comm.o
 .debug_aranges
                0x00000000       0x30 src/mock_comm.o
 .debug_ranges  0x00000000       0x20 src/mock_comm.o
 .debug_line    0x00000000      0x1d0 src/mock_comm.o
 .debug_str     0x00000000      0x239 src/mock_comm.o
 .comment       0x00000000       0x31 src/mock_comm.o
 .debug_frame   0x00000000       0x58 src/mock_comm.o
 .text          0x00000000        0x0 src/mock_led.o
 .data          0x00000000        0x0 src/mock_led.o
 .bss           0x00000000        0x0 src/mock_led.o
 .text.mock_led_set
                0x00000000        0x6 src/mock_led.o
 .text.mock_led_toggle
                0x00000000       0x16 src/mock_led.o
 .text.mock_led_create
                0x00000000       0x24 src/mock_led.o
 .debug_info    0x00000000      0x1d8 src/mock_led.o
 .debug_abbrev  0x00000000       0xf2 src/mock_led.o
 .debug_loc     0x00000000       0x78 src/mock_led.o
 .debug_aranges
                0x00000000       0x30 src/mock_led.o
 .debug_ranges  0x00000000       0x20 src/mock_led.o
 .debug_line    0x00000000      0x124 src/mock_led.o
 .debug_str     0x00000000      0x208 src/mock_led.o
 .comment       0x00000000       0x31 src/mock_led.o
 .debug_frame   0x00000000       0x44 src/mock_led.o
 .text          0x00000000        0x0 src/protocol.o
 .data          0x00000000        0x0 src/protocol.o
 .bss           0x00000000        0x0 src/protocol.o
 .text          0x00000000        0x0 src/uart_comm.o
 .data          0x00000000        0x0 src/uart_comm.o
 .bss           0x00000000        0x0 src/uart_comm.o
 .text          0x00000000        0x0 c:/program files (x86)/atmel/microchip studio/7.0/toolchain/avr8/avr8-gnu-toolchain/bin/../lib/gcc/avr/5.4.0/avrxmega4\libgcc.a(_udivmodsi4.o)
 .data          0x00000000        0x0 c:/program files (x86)/atmel/microchip studio/7.0/toolchain/avr8/avr8-gnu-toolchain/bin/../lib/gcc/avr/5.4.0/avrxmega4\libgcc.a(_udivmodsi4.o)
 .bss           0x00000000        0x0 c:/program files (x86)/atmel/microchip studio/7.0/toolchain/avr8/avr8-gnu-toolchain/bin/../lib/gcc/avr/5.4.0/avrxmega4\libgcc.a(_udivmodsi4.o)
 .text.libgcc.mul
                0x00000000        0x0 c:/program files (x86)/atmel/microchip studio/7.0/toolchain/avr8/avr8-gnu-toolchain/bin/../lib/gcc/avr/5.4.0/avrxmega4\libgcc.a(_udivmodsi4.o)
 .text.libgcc   0x00000000        0x0 c:/program files (x86)/atmel/microchip studio/7.0/toolchain/avr8/avr8-gnu-toolchain/bin/../lib/gcc/avr/5.4.0/avrxmega4\libgcc.a(_udivmodsi4.o)
 .text.libgcc.prologue
                0x00000000        0x0 c:/program files (x86)/atmel/microchip studio/7.0/toolchain/avr8/avr8-gnu-toolchain/bin/../lib/gcc/avr/5.4.0/avrxmega4\libgcc.a(_udivmodsi4.o)
 .text.libgcc.builtins
                0x00000000        0x0 c:/program files (x86)/atmel/microchip studio/7.0/toolchain/avr8/avr8-gnu-toolchain/bin/../lib/gcc/avr/5.4.0/avrxmega4\libgcc.a(_udivmodsi4.o)
 .text.libgcc.fmul
                0x00000000        0x0 c:/program files (x86)/atmel/microchip studio/7.0/toolchain/avr8/avr8-gnu-toolchain/bin/../lib/gcc/avr/5.4.0/avrxmega4\libgcc.a(_udivmodsi4.o)
 .text.libgcc.fixed
                0x00000000        0x0 c:/program files (x86)/atmel/microchip studio/7.0/toolchain/avr8/avr8-gnu-toolchain/bin/../lib/gcc/avr/5.4.0/avrxmega4\libgcc.a(_udivmodsi4.o)
 .text          0x00000000        0x0 c:/program files (x86)/atmel/microchip studio/7.0/toolchain/avr8/avr8-gnu-toolchain/bin/../lib/gcc/avr/5.4.0/avrxmega4\libgcc.a(_exit.o)
 .data          0x00000000        0x0 c:/program files (x86)/atmel/microchip studio/7.0/toolchain/avr8/avr8-gnu-toolchain/bin/../lib/gcc/avr/5.4.0/avrxmega4\libgcc.a(_exit.o)
 .bss           0x00000000        0x0 c:/program files (x86)/atmel/microchip studio/7.0/toolchain/avr8/avr8-gnu-toolchain/bin/../lib/gcc/avr/5.4.0/avrxmega4\libgcc.a(_exit.o)
 .text.libgcc.mul
                0x00000000        0x0 c:/program files (x86)/atmel/microchip studio/7.0/toolchain/avr8/avr8-gnu-toolchain/bin/../lib/gcc/avr/5.4.0/avrxmega4\libgcc.a(_exit.o)
 .text.libgcc.div
                0x00000000        0x0 c:/program files (x86)/atmel/microchip studio/7.0/toolchain/avr8/avr8-gnu-toolchain/bin/../lib/gcc/avr/5.4.0/avrxmega4\libgcc.a(_exit.o)
 .text.libgcc   0x00000000        0x0 c:/program files (x86)/atmel/microchip studio/7.0/toolchain/avr8/avr8-gnu-toolchain/bin/../lib/gcc/avr/5.4.0/avrxmega4\libgcc.a(_exit.o)
 .text.libgcc.prologue
                0x00000000        0x0 c:/program files (x86)/atmel/microchip studio/7.0/toolchain/avr8/avr8-gnu-toolchain/bin/../lib/gcc/avr/5.4.0/avrxmega4\libgcc.a(_exit.o)
 .text.libgcc.builtins
                0x00000000        0x0 c:/program files (x86)/atmel/microchip studio/7.0/toolchain/avr8/avr8-gnu-toolchain/bin/../lib/gcc/avr/5.4.0/avrxmega4\libgcc.a(_exit.o)
 .text.libgcc.fmul
                0x00000000        0x0 c:/program files (x86)/atmel/microchip studio/7.0/toolchain/avr8/avr8-gnu-toolchain/bin/../lib/gcc/avr/5.4.0/avrxmega4\libgcc.a(_exit.o)
 .text.libgcc.fixed
                0x00000000        0x0 c:/program files (x86)/atmel/microchip studio/7.0/toolchain/avr8/avr8-gnu-toolchain/bin/../lib/gcc/avr/5.4.0/avrxmega4\libgcc.a(_exit.o)
 .text          0x00000000        0x0 c:/program files (x86)/atmel/microchip studio/7.0/toolchain/avr8/avr8-gnu-toolchain/bin/../lib/gcc/avr/5.4.0/avrxmega4\libgcc.a(_copy_data.o)
 .data          0x00000000        0x0 c:/program files (x86)/atmel/microchip studio/7.0/toolchain/avr8/avr8-gnu-toolchain/bin/../lib/gcc/avr/5.4.0/avrxmega4\libgcc.a(_copy_data.o)
 .bss           0x00000000        0x0 c:/program files (x86)/atmel/microchip studio/7.0/toolchain/avr8/avr8-gnu-toolchain/bin/../lib/gcc/avr/5.4.0/avrxmega4\libgcc.a(_copy_data.o)
 .text.libgcc.mul
                0x00000000        0x0 c:/program files (x86)/atmel/microchip studio/7.0/toolchain/avr8/avr8-gnu-toolchain/bin/../lib/gcc/avr/5.4.0/avrxmega4\libgcc.a(_copy_data.o)
 .text.libgcc.div
                0x00000000        0x0 c:/program files (x86)/atmel/microchip studio/7.0/toolchain/avr8/avr8-gnu-toolchain/bin/../lib/gcc/avr/5.4.0/avrxmega4\libgcc.a(_copy_data.o)
 .text.libgcc   0x00000000        0x0 c:/program files (x86)/atmel/microchip studio/7.0/toolchain/avr8/avr8-gnu-toolchain/bin/../lib/gcc/avr/5.4.0/avrxmega4\libgcc.a(_copy_data.o)
 .text.libgcc.prologue
                0x00000000        0x0 c:/program files (x86)/atmel/microchip studio/7.0/toolchain/avr8/avr8-gnu-toolchain/bin/../lib/gcc/avr/5.4.0/avrxmega4\libgcc.a(_copy_data.o)
 .text.libgcc.builtins
                0x00000000        0x0 c:/program files (x86)/atmel/microchip studio/7.0/toolchain/avr8/avr8-gnu-toolchain/bin/../lib/gcc/avr/5.4.0/avrxmega4\libgcc.a(_copy_data.o)
 .text.libgcc.fmul
                0x00000000        0x0 c:/program files (x86)/atmel/microchip studio/7.0/toolchain/avr8/avr8-gnu-toolchain/bin/../lib/gcc/avr/5.4.0/avrxmega4\libgcc.a(_copy_data.o)
 .text.libgcc.fixed
                0x00000000        0x0 c:/program files (x86)/atmel/microchip studio/7.0/toolchain/avr8/avr8-gnu-toolchain/bin/../lib/gcc/avr/5.4.0/avrxmega4\libgcc.a(_copy_data.o)
 .text          0x00000000        0x0 c:/program files (x86)/atmel/microchip studio/7.0/toolchain/avr8/avr8-gnu-toolchain/bin/../lib/gcc/avr/5.4.0/../../../../avr/lib/avrxmega4\libc.a(memcpy.o)
 .data          0x00000000        0x0 c:/program files (x86)/atmel/microchip studio/7.0/toolchain/avr8/avr8-gnu-toolchain/bin/../lib/gcc/avr/5.4.0/../../../../avr/lib/avrxmega4\libc.a(memcpy.o)
 .bss           0x00000000        0x0 c:/program files (x86)/atmel/microchip studio/7.0/toolchain/avr8/avr8-gnu-toolchain/bin/../lib/gcc/avr/5.4.0/../../../../avr/lib/avrxmega4\libc.a(memcpy.o)
 .text.avr-libc
                0x00000000       0x12 c:/program files (x86)/atmel/microchip studio/7.0/toolchain/avr8/avr8-gnu-toolchain/bin/../lib/gcc/avr/5.4.0/../../../../avr/lib/avrxmega4\libc.a(memcpy.o)
 .text          0x00000000        0x0 C:/Program Files (x86)/Atmel/Microchip Studio/7.0/Packs/Atmel/AVR-Dx_DFP/2.8.337/gcc/dev/avr128da48/avrxmega4\libavr128da48.a(ccp_write.o)
 .data          0x00000000        0x0 C:/Program Files (x86)/Atmel/Microchip Studio/7.0/Packs/Atmel/AVR-Dx_DFP/2.8.337/gcc/dev/avr128da48/avrxmega4\libavr128da48.a(ccp_write.o)
 .bss           0x00000000        0x0 C:/Program Files (x86)/Atmel/Microchip Studio/7.0/Packs/Atmel/AVR-Dx_DFP/2.8.337/gcc/dev/avr128da48/avrxmega4\libavr128da48.a(ccp_write.o)

Memory Configuration

Name             Origin             Length             Attributes
text             0x00000000         0x00020000         xr
data             0x00804000         0x00004000         rw !x
eeprom           0x00810000         0x00000200         rw !x
fuse             0x00820000         0x00000010         rw !x
lock             0x00830000         0x00000400         rw !x
signature        0x00840000         0x00000400         rw !x
user_signatures  0x00850000         0x00000400         rw !x
*default*        0x00000000         0xffffffff

Linker script and memory map

Address of section .data set to 0x804000
                0x00008000                __RODATA_PM_OFFSET__ = 0x8000
LOAD C:/Program Files (x86)/Atmel/Microchip Studio/7.0/Packs/Atmel/AVR-Dx_DFP/2.8.337/gcc/dev/avr128da48/avrxmega4/crtavr128da48.o
LOAD main.o
LOAD src/app.o
LOAD src/bsp.o
LOAD src/gpio_led.o
LOAD src/mock_comm.o
LOAD src/mock_led.o
LOAD src/protocol.o
LOAD src/uart_comm.o
START GROUP
LOAD c:/program files (x86)/atmel/microchip studio/7.0/toolchain/avr8/avr8-gnu-toolchain/bin/../lib/gcc/avr/5.4.0/../../../../avr/lib/avrxmega4\libm.a
END GROUP
START GROUP
LOAD c:/program files (x86)/atmel/microchip studio/7.0/toolchain/avr8/avr8-gnu-toolchain/bin/../lib/gcc/avr/5.4.0/avrxmega4\libgcc.a
LOAD c:/program files (x86)/atmel/microchip studio/7.0/toolchain/avr8/avr8-gnu-toolchain/bin/../lib/gcc/avr/5.4.0/../../../../avr/lib/avrxmega4\libm.a
LOAD c:/program files (x86)/atmel/microchip studio/7.0/toolchain/avr8/avr8-gnu-toolchain/bin/../lib/gcc/avr/5.4.0/../../../../avr/lib/avrxmega4\libc.a
LOAD C:/Program Files (x86)/Atmel/Microchip Studio/7.0/Packs/Atmel/AVR-Dx_DFP/2.8.337/gcc/dev/avr128da48/avrxmega4\libavr128da48.a
END GROUP
                [0x00000000]                __TEXT_REGION_ORIGIN__ = DEFINED (__TEXT_REGION_ORIGIN__)?__TEXT_REGION_ORIGIN__:0x0
                [0x00804000]                __DATA_REGION_ORIGIN__ = DEFINED (__DATA_REGION_ORIGIN__)?__DATA_REGION_ORIGIN__:0x802000
                [0x00020000]                __TEXT_REGION_LENGTH__ = DEFINED (__TEXT_REGION_LENGTH__)?__TEXT_REGION_LENGTH__:0x100000
                [0x00004000]                __DATA_REGION_LENGTH__ = DEFINED (__DATA_REGION_LENGTH__)?__DATA_REGION_LENGTH__:0xffa0
                [0x00000200]                __EEPROM_REGION_LENGTH__ = DEFINED (__EEPROM_REGION_LENGTH__)?__EEPROM_REGION_LENGTH__:0x10000
                [0x00000010]                __FUSE_REGION_LENGTH__ = DEFINED (__FUSE_REGION_LENGTH__)?__FUSE_REGION_LENGTH__:0x400
                0x00000400                __LOCK_REGION_LENGTH__ = DEFINED (__LOCK_REGION_LENGTH__)?__LOCK_REGION_LENGTH__:0x400
                0x00000400                __SIGNATURE_REGION_LENGTH__ = DEFINED (__SIGNATURE_REGION_LENGTH__)?__SIGNATURE_REGION_LENGTH__:0x400
                0x00000400                __USER_SIGNATURE_REGION_LENGTH__ = DEFINED (__USER_SIGNATURE_REGION_LENGTH__)?__USER_SIGNATURE_REGION_LENGTH__:0x400

.hash
 *(.hash)

.dynsym
 *(.dynsym)

.dynstr
 *(.dynstr)

.gnu.version
 *(.gnu.version)

.gnu.version_d
 *(.gnu.version_d)

.gnu.version_r
 *(.gnu.version_r)

.rel.init
 *(.rel.init)

.rela.init
 *(.rela.init)

.rel.text
 *(.rel.text)
 *(.rel.text.*)
 *(.rel.gnu.linkonce.t*)

.rela.text
 *(.rela.text)
 *(.rela.text.*)
 *(.rela.gnu.linkonce.t*)

.rel.fini
 *(.rel.fini)

.rela.fini
 *(.rela.fini)

.rel.rodata
 *(.rel.rodata)
 *(.rel.rodata.*)
 *(.rel.gnu.linkonce.r*)

.rela.rodata
 *(.rela.rodata)
 *(.rela.rodata.*)
 *(.rela.gnu.linkonce.r*)

.rel.data
 *(.rel.data)
 *(.rel.data.*)
 *(.rel.gnu.linkonce.d*)

.rela.data
 *(.rela.data)
 *(.rela.data.*)
 *(.rela.gnu.linkonce.d*)

.rel.ctors
 *(.rel.ctors)

.rela.ctors
 *(.rela.ctors)

.rel.dtors
 *(.rel.dtors)

.rela.dtors
 *(.rela.dtors)

.rel.got
 *(.rel.got)

.rela.got
 *(.rela.got)

.rel.bss
 *(.rel.bss)

.rela.bss
 *(.rela.bss)

.rel.plt
 *(.rel.plt)

.rela.plt
 *(.rela.plt)

.text           0x00000000      0x4b4
 *(.vectors)
 .vectors       0x00000000       0xe8 C:/Program Files (x86)/Atmel/Microchip Studio/7.0/Packs/Atmel/AVR-Dx_DFP/2.8.337/gcc/dev/avr128da48/avrxmega4/crtavr128da48.o
                0x00000000                __vector_default
                0x00000000                __vectors
 *(.vectors)
 *(.progmem.gcc*)
                0x000000e8                . = ALIGN (0x2)
                0x000000e8                __trampolines_start = .
 *(.trampolines)
 .trampolines   0x000000e8        0x0 linker stubs
 *(.trampolines*)
                0x000000e8                __trampolines_end = .
 *libprintf_flt.a:*(.progmem.data)
 *libc.a:*(.progmem.data)
 *(.progmem*)
                0x000000e8                . = ALIGN (0x2)
 *(.jumptables)
 *(.jumptables*)
 *(.lowtext)
 *(.lowtext*)
                0x000000e8                __ctors_start = .
 *(.ctors)
                0x000000e8                __ctors_end = .
                0x000000e8                __dtors_start = .
 *(.dtors)
                0x000000e8                __dtors_end = .
 SORT(*)(.ctors)
 SORT(*)(.dtors)
 *(.init0)
 .init0         0x000000e8        0x0 C:/Program Files (x86)/Atmel/Microchip Studio/7.0/Packs/Atmel/AVR-Dx_DFP/2.8.337/gcc/dev/avr128da48/avrxmega4/crtavr128da48.o
                0x000000e8                __init
 *(.init0)
 *(.init1)
 *(.init1)
 *(.init2)
 .init2         0x000000e8        0xc C:/Program Files (x86)/Atmel/Microchip Studio/7.0/Packs/Atmel/AVR-Dx_DFP/2.8.337/gcc/dev/avr128da48/avrxmega4/crtavr128da48.o
 *(.init2)
 *(.init3)
 *(.init3)
 *(.init4)
 .init4         0x000000f4       0x1a c:/program files (x86)/atmel/microchip studio/7.0/toolchain/avr8/avr8-gnu-toolchain/bin/../lib/gcc/avr/5.4.0/avrxmega4\libgcc.a(_copy_data.o)
                0x000000f4                __do_copy_data
 *(.init4)
 *(.init5)
 *(.init5)
 *(.init6)
 *(.init6)
 *(.init7)
 *(.init7)
 *(.init8)
 *(.init8)
 *(.init9)
 .init9         0x0000010e        0x8 C:/Program Files (x86)/Atmel/Microchip Studio/7.0/Packs/Atmel/AVR-Dx_DFP/2.8.337/gcc/dev/avr128da48/avrxmega4/crtavr128da48.o
 *(.init9)
 *(.text)
 .text          0x00000116        0x4 C:/Program Files (x86)/Atmel/Microchip Studio/7.0/Packs/Atmel/AVR-Dx_DFP/2.8.337/gcc/dev/avr128da48/avrxmega4/crtavr128da48.o
                0x00000116                __vector_38
                0x00000116                __vector_22
                0x00000116                __vector_28
                0x00000116                __vector_1
                0x00000116                __vector_32
                0x00000116                __vector_34
                0x00000116                __vector_24
                0x00000116                __vector_12
                0x00000116                __vector_55
                0x00000116                __vector_46
                0x00000116                __bad_interrupt
                0x00000116                __vector_6
                0x00000116                __vector_31
                0x00000116                __vector_35
                0x00000116                __vector_39
                0x00000116                __vector_3
                0x00000116                __vector_23
                0x00000116                __vector_30
                0x00000116                __vector_45
                0x00000116                __vector_25
                0x00000116                __vector_11
                0x00000116                __vector_54
                0x00000116                __vector_13
                0x00000116                __vector_17
                0x00000116                __vector_19
                0x00000116                __vector_56
                0x00000116                __vector_7
                0x00000116                __vector_49
                0x00000116                __vector_41
                0x00000116                __vector_43
                0x00000116                __vector_27
                0x00000116                __vector_5
                0x00000116                __vector_33
                0x00000116                __vector_47
                0x00000116                __vector_52
                0x00000116                __vector_37
                0x00000116                __vector_4
                0x00000116                __vector_44
                0x00000116                __vector_51
                0x00000116                __vector_9
                0x00000116                __vector_2
                0x00000116                __vector_21
                0x00000116                __vector_15
                0x00000116                __vector_36
                0x00000116                __vector_29
                0x00000116                __vector_40
                0x00000116                __vector_8
                0x00000116                __vector_26
                0x00000116                __vector_48
                0x00000116                __vector_14
                0x00000116                __vector_57
                0x00000116                __vector_53
                0x00000116                __vector_10
                0x00000116                __vector_50
                0x00000116                __vector_16
                0x00000116                __vector_18
                0x00000116                __vector_20
                0x00000116                __vector_42
                0x0000011a                . = ALIGN (0x2)
 *(.text.*)
 .text.main     0x0000011a       0x66 main.o
                0x0000011a                main
 .text.app_run  0x00000180       0x7c src/app.o
                0x00000180                app_run
 .text.bsp_init
                0x000001fc       0x16 src/bsp.o
                0x000001fc                bsp_init
 .text.bsp_delay_ms
                0x00000212       0x16 src/bsp.o
                0x00000212                bsp_delay_ms
 .text.gpio_led_set
                0x00000228       0x24 src/gpio_led.o
 .text.gpio_led_toggle
                0x0000024c       0x10 src/gpio_led.o
 .text.gpio_led_create
                0x0000025c       0x24 src/gpio_led.o
                0x0000025c                gpio_led_create
 .text.protocol_send_packet
                0x00000280       0xae src/protocol.o
                0x00000280                protocol_send_packet
 .text.uart_baud_value
                0x0000032e       0x38 src/uart_comm.o
 .text.uart_write_impl
                0x00000366       0x4c src/uart_comm.o
 .text.uart_read_impl
                0x000003b2       0x4a src/uart_comm.o
 .text.uart_comm_create
                0x000003fc       0x64 src/uart_comm.o
                0x000003fc                uart_comm_create
 .text.libgcc.div
                0x00000460       0x44 c:/program files (x86)/atmel/microchip studio/7.0/toolchain/avr8/avr8-gnu-toolchain/bin/../lib/gcc/avr/5.4.0/avrxmega4\libgcc.a(_udivmodsi4.o)
                0x00000460                __udivmodsi4
 .text.avr-libc
                0x000004a4        0xc C:/Program Files (x86)/Atmel/Microchip Studio/7.0/Packs/Atmel/AVR-Dx_DFP/2.8.337/gcc/dev/avr128da48/avrxmega4\libavr128da48.a(ccp_write.o)
                0x000004a4                ccp_write_io
                0x000004b0                . = ALIGN (0x2)
 *(.fini9)
 .fini9         0x000004b0        0x0 c:/program files (x86)/atmel/microchip studio/7.0/toolchain/avr8/avr8-gnu-toolchain/bin/../lib/gcc/avr/5.4.0/avrxmega4\libgcc.a(_exit.o)
                0x000004b0                _exit
                0x000004b0                exit
 *(.fini9)
 *(.fini8)
 *(.fini8)
 *(.fini7)
 *(.fini7)
 *(.fini6)
 *(.fini6)
 *(.fini5)
 *(.fini5)
 *(.fini4)
 *(.fini4)
 *(.fini3)
 *(.fini3)
 *(.fini2)
 *(.fini2)
 *(.fini1)
 *(.fini1)
 *(.fini0)
 .fini0         0x000004b0        0x4 c:/program files (x86)/atmel/microchip studio/7.0/toolchain/avr8/avr8-gnu-toolchain/bin/../lib/gcc/avr/5.4.0/avrxmega4\libgcc.a(_exit.o)
 *(.fini0)
                0x000004b4                _etext = .

.data           0x00804000        0x6 load address 0x000004b4
                0x00804000                PROVIDE (__data_start, .)
 *(.data)
 *(.data*)
 *(.gnu.linkonce.d*)
 *(.rodata)
 .rodata        0x00804000        0x5 src/app.o
 *(.rodata*)
 *(.gnu.linkonce.r*)
                0x00804006                . = ALIGN (0x2)
 *fill*         0x00804005        0x1 
                0x00804006                _edata = .
                0x00804006                PROVIDE (__data_end, .)

.bss            0x00804006        0x0
                [!provide]                PROVIDE (__bss_start, .)
 *(.bss)
 *(.bss*)
 *(COMMON)
                [!provide]                PROVIDE (__bss_end, .)
                0x000004b4                __data_load_start = LOADADDR (.data)
                0x000004ba                __data_load_end = (__data_load_start + SIZEOF (.data))

.noinit         0x00804006        0x0
                [!provide]                PROVIDE (__noinit_start, .)
 *(.noinit*)
                [!provide]                PROVIDE (__noinit_end, .)
                0x00804006                _end = .
                [!provide]                PROVIDE (__heap_start, .)

.eeprom         0x00810000        0x0
 *(.eeprom*)
                0x00810000                __eeprom_end = .

.fuse
 *(.fuse)
 *(.lfuse)
 *(.hfuse)
 *(.efuse)

.lock
 *(.lock*)

.signature
 *(.signature*)

.user_signatures
 *(.user_signatures*)

.stab
 *(.stab)

.stabstr
 *(.stabstr)

.stab.excl
 *(.stab.excl)

.stab.exclstr
 *(.stab.exclstr)

.stab.index
 *(.stab.index)

.stab.indexstr
 *(.stab.indexstr)

.comment        0x00000000       0x30
 *(.comment)
 .comment       0x00000000       0x30 main.o
                                 0x31 (size before relaxing)
 .comment       0x00000030       0x31 src/app.o
 .comment       0x00000030       0x31 src/bsp.o
 .comment       0x00000030       0x31 src/gpio_led.o
 .comment       0x00000030       0x31 src/protocol.o
 .comment       0x00000030       0x31 src/uart_comm.o

.note.gnu.avr.deviceinfo
                0x00000000       0x40
 .note.gnu.avr.deviceinfo
                0x00000000       0x40 C:/Program Files (x86)/Atmel/Microchip Studio/7.0/Packs/Atmel/AVR-Dx_DFP/2.8.337/gcc/dev/avr128da48/avrxmega4/crtavr128da48.o

.note.gnu.build-id
 *(.note.gnu.build-id)

.debug
 *(.debug)

.line
 *(.line)

.debug_srcinfo
 *(.debug_srcinfo)

.debug_sfnames
 *(.debug_sfnames)

.debug_aranges  0x00000000      0x110
 *(.debug_aranges)
 .debug_aranges
                0x00000000       0x20 main.o
 .debug_aranges
                0x00000020       0x20 src/app.o
 .debug_aranges
                0x00000040       0x28 src/bsp.o
 .debug_aranges
                0x00000068       0x30 src/gpio_led.o
 .debug_aranges
                0x00000098       0x20 src/protocol.o
 .debug_aranges
                0x000000b8       0x38 src/uart_comm.o
 .debug_aranges
                0x000000f0       0x20 C:/Program Files (x86)/Atmel/Microchip Studio/7.0/Packs/Atmel/AVR-Dx_DFP/2.8.337/gcc/dev/avr128da48/avrxmega4\libavr128da48.a(ccp_write.o)

.debug_pubnames
 *(.debug_pubnames)

.debug_info     0x00000000     0x4bc4
 *(.debug_info .gnu.linkonce.wi.*)
 .debug_info    0x00000000     0x3227 C:/Program Files (x86)/Atmel/Microchip Studio/7.0/Packs/Atmel/AVR-Dx_DFP/2.8.337/gcc/dev/avr128da48/avrxmega4/crtavr128da48.o
 .debug_info    0x00003227      0x627 main.o
 .debug_info    0x0000384e      0x249 src/app.o
 .debug_info    0x00003a97      0x4c2 src/bsp.o
 .debug_info    0x00003f59      0x3c8 src/gpio_led.o
 .debug_info    0x00004321      0x1c7 src/protocol.o
 .debug_info    0x000044e8      0x632 src/uart_comm.o
 .debug_info    0x00004b1a       0xaa C:/Program Files (x86)/Atmel/Microchip Studio/7.0/Packs/Atmel/AVR-Dx_DFP/2.8.337/gcc/dev/avr128da48/avrxmega4\libavr128da48.a(ccp_write.o)

.debug_abbrev   0x00000000     0x3780
 *(.debug_abbrev)
 .debug_abbrev  0x00000000     0x2f80 C:/Program Files (x86)/Atmel/Microchip Studio/7.0/Packs/Atmel/AVR-Dx_DFP/2.8.337/gcc/dev/avr128da48/avrxmega4/crtavr128da48.o
 .debug_abbrev  0x00002f80      0x18c main.o
 .debug_abbrev  0x0000310c      0x116 src/app.o
 .debug_abbrev  0x00003222      0x15e src/bsp.o
 .debug_abbrev  0x00003380      0x136 src/gpio_led.o
 .debug_abbrev  0x000034b6       0xea src/protocol.o
 .debug_abbrev  0x000035a0      0x1cc src/uart_comm.o
 .debug_abbrev  0x0000376c       0x14 C:/Program Files (x86)/Atmel/Microchip Studio/7.0/Packs/Atmel/AVR-Dx_DFP/2.8.337/gcc/dev/avr128da48/avrxmega4\libavr128da48.a(ccp_write.o)

.debug_line     0x00000000      0xe1a
 *(.debug_line .debug_line.* .debug_line_end)
 .debug_line    0x00000000      0x1f3 C:/Program Files (x86)/Atmel/Microchip Studio/7.0/Packs/Atmel/AVR-Dx_DFP/2.8.337/gcc/dev/avr128da48/avrxmega4/crtavr128da48.o
 .debug_line    0x000001f3      0x1f6 main.o
 .debug_line    0x000003e9      0x18e src/app.o
 .debug_line    0x00000577      0x23c src/bsp.o
 .debug_line    0x000007b3      0x199 src/gpio_led.o
 .debug_line    0x0000094c      0x19e src/protocol.o
 .debug_line    0x00000aea      0x2c9 src/uart_comm.o
 .debug_line    0x00000db3       0x67 C:/Program Files (x86)/Atmel/Microchip Studio/7.0/Packs/Atmel/AVR-Dx_DFP/2.8.337/gcc/dev/avr128da48/avrxmega4\libavr128da48.a(ccp_write.o)

.debug_frame    0x00000000      0x1e8
 *(.debug_frame)
 .debug_frame   0x00000000       0x40 main.o
 .debug_frame   0x00000040       0x48 src/app.o
 .debug_frame   0x00000088       0x34 src/bsp.o
 .debug_frame   0x000000bc       0x44 src/gpio_led.o
 .debug_frame   0x00000100       0x54 src/protocol.o
 .debug_frame   0x00000154       0x94 src/uart_comm.o

.debug_str      0x00000000     0x1c36
 *(.debug_str)
 .debug_str     0x00000000     0x153f C:/Program Files (x86)/Atmel/Microchip Studio/7.0/Packs/Atmel/AVR-Dx_DFP/2.8.337/gcc/dev/avr128da48/avrxmega4/crtavr128da48.o
 .debug_str     0x0000153f      0x3a2 main.o
                                0x3f8 (size before relaxing)
 .debug_str     0x000018e1       0x3c src/app.o
                                0x213 (size before relaxing)
 .debug_str     0x0000191d      0x1bd src/bsp.o
                                0x45b (size before relaxing)
 .debug_str     0x00001ada       0x3f src/gpio_led.o
                                0x2f5 (size before relaxing)
 .debug_str     0x00001b19       0x30 src/protocol.o
                                0x1f7 (size before relaxing)
 .debug_str     0x00001b49       0xed src/uart_comm.o
                                0x45f (size before relaxing)

.debug_loc      0x00000000      0x82f
 *(.debug_loc)
 .debug_loc     0x00000000       0x61 main.o
 .debug_loc     0x00000061       0xe9 src/app.o
 .debug_loc     0x0000014a       0x6e src/bsp.o
 .debug_loc     0x000001b8       0x98 src/gpio_led.o
 .debug_loc     0x00000250      0x206 src/protocol.o
 .debug_loc     0x00000456      0x3d9 src/uart_comm.o

.debug_macinfo
 *(.debug_macinfo)

.debug_weaknames
 *(.debug_weaknames)

.debug_funcnames
 *(.debug_funcnames)

.debug_typenames
 *(.debug_typenames)

.debug_varnames
 *(.debug_varnames)

.debug_pubtypes
 *(.debug_pubtypes)

.debug_ranges   0x00000000       0x90
 *(.debug_ranges)
 .debug_ranges  0x00000000       0x10 main.o
 .debug_ranges  0x00000010       0x10 src/app.o
 .debug_ranges  0x00000020       0x18 src/bsp.o
 .debug_ranges  0x00000038       0x20 src/gpio_led.o
 .debug_ranges  0x00000058       0x10 src/protocol.o
 .debug_ranges  0x00000068       0x28 src/uart_comm.o

.debug_macro
 *(.debug_macro)
OUTPUT(AVR128DA48_Interfaces_Demo.elf elf32-avr)
LOAD linker stubs
