Archive member included to satisfy reference by file (symbol)

c:/program files (x86)/atmel/microchip studio/7.0/toolchain/avr8/avr8-gnu-toolchain/bin/../lib/gcc/avr/5.4.0/avrxmega4\libgcc.a(_udivmodsi4.o)
                              src/uart.o (__udivmodsi4)
c:/program files (x86)/atmel/microchip studio/7.0/toolchain/avr8/avr8-gnu-toolchain/bin/../lib/gcc/avr/5.4.0/avrxmega4\libgcc.a(_exit.o)
                              C:/Program Files (x86)/Atmel/Microchip Studio/7.0/Packs/Atmel/AVR-Dx_DFP/2.4.286/gcc/dev/avr128da48/avrxmega4/crtavr128da48.o (exit)
c:/program files (x86)/atmel/microchip studio/7.0/toolchain/avr8/avr8-gnu-toolchain/bin/../lib/gcc/avr/5.4.0/avrxmega4\libgcc.a(_copy_data.o)
                              main.o (__do_copy_data)
c:/program files (x86)/atmel/microchip studio/7.0/toolchain/avr8/avr8-gnu-toolchain/bin/../lib/gcc/avr/5.4.0/avrxmega4\libgcc.a(_clear_bss.o)
                              src/scheduler.o (__do_clear_bss)
c:/program files (x86)/atmel/microchip studio/7.0/toolchain/avr8/avr8-gnu-toolchain/bin/../lib/gcc/avr/5.4.0/avrxmega4\libgcc.a(_umulhisi3.o)
                              src/uart.o (__umulhisi3)

Discarded input sections

 .data          0x00000000        0x0 C:/Program Files (x86)/Atmel/Microchip Studio/7.0/Packs/Atmel/AVR-Dx_DFP/2.4.286/gcc/dev/avr128da48/avrxmega4/crtavr128da48.o
 .bss           0x00000000        0x0 C:/Program Files (x86)/Atmel/Microchip Studio/7.0/Packs/Atmel/AVR-Dx_DFP/2.4.286/gcc/dev/avr128da48/avrxmega4/crtavr128da48.o
 .text          0x00000000        0x0 main.o
 .data          0x00000000        0x0 main.o
 .bss           0x00000000        0x0 main.o
 .text          0x00000000        0x0 src/adc_driver.o
 .data          0x00000000        0x0 src/adc_driver.o
 .bss           0x00000000        0x0 src/adc_driver.o
 .text          0x00000000        0x0 src/gpio.o
 .data          0x00000000        0x0 src/gpio.o
 .bss           0x00000000        0x0 src/gpio.o
 .text          0x00000000        0x0 src/scheduler.o
 .data          0x00000000        0x0 src/scheduler.o
 .bss           0x00000000        0x0 src/scheduler.o
 .text          0x00000000        0x0 src/tasks.o
 .data          0x00000000        0x0 src/tasks.o
 .bss           0x00000000        0x0 src/tasks.o
 .text          0x00000000        0x0 src/tcb_timer.o
 .data          0x00000000        0x0 src/tcb_timer.o
 .bss           0x00000000        0x0 src/tcb_timer.o
 .text          0x00000000        0x0 src/uart.o
 .data          0x00000000        0x0 src/uart.o
 .bss           0x00000000        0x0 src/uart.o
 .text          0x00000000        0x0 c:/program files (x86)/atmel/microchip studio/7.0/toolchain/avr8/avr8-gnu-toolchain/bin/../lib/gcc/avr/5.4.0/avrxmega4\libgcc.a(_udivmodsi4.o)
 .data          0x00000000        0x0 c:/program files (x86)/atmel/microchip studio/7.0/toolchain/avr8/avr8-gnu-toolchain/bin/../lib/gcc/avr/5.4.0/avrxmega4\libgcc.a(_udivmodsi4.o)
 .bss           0x00000000        0x0 c:/program files (x86)/atmel/microchip studio/7.0/toolchain/avr8/avr8-gnu-toolchain/bin/../lib/gcc/avr/5.4.0/avrxmega4\libgcc.a(_udivmodsi4.o)
 .text.libgcc.mul
                0x00000000        0x0 c:/program files (x86)/atmel/microchip studio/7.0/toolchain/avr8/avr8-gnu-toolchain/bin/../lib/gcc/avr/5.4.0/avrxmega4\libgcc.a(_udivmodsi4.o)
 .text.libgcc   0x00000000        0x0 c:/program files (x86)/atmel/microchip studio/7.0/toolchain/avr8/avr8-gnu-toolchain/bin/../lib/gcc/avr/5.4.0/avrxmega4\libgcc.a(_udivmodsi4.o)
 .text.libgcc.prologue
                0x00000000        0x0 c:/program files (x86)/atmel/microchip studio/7.0/toolchain/avr8/avr8-gnu-toolchain/bin/../lib/gcc/avr/5.4.0/avrxmega4\libgcc.a(_udivmodsi4.o)
 .text.libgcc.builtins
                0x00000000        0x0 c:/program files (x86)/atmel/microchip studio/7.0/toolchain/avr8/avr8-gnu-toolchain/bin/../lib/gcc/avr/5.4.0/avrxmega4\libgcc.a(_udivmodsi4.o)
 .text.libgcc.fmul
                0x00000000        0x0 c:/program files (x86)/atmel/microchip studio/7.0/toolchain/avr8/avr8-gnu-toolchain/bin/../lib/gcc/avr/5.4.0/avrxmega4\libgcc.a(_udivmodsi4.o)
 .text.libgcc.fixed
                0x00000000        0x0 c:/program files (x86)/atmel/microchip studio/7.0/toolchain/avr8/avr8-gnu-toolchain/bin/../lib/gcc/avr/5.4.0/avrxmega4\libgcc.a(_udivmodsi4.o)
 .text          0x00000000        0x0 c:/program files (x86)/atmel/microchip studio/7.0/toolchain/avr8/avr8-gnu-toolchain/bin/../lib/gcc/avr/5.4.0/avrxmega4\libgcc.a(_exit.o)
 .data          0x00000000        0x0 c:/program files (x86)/atmel/microchip studio/7.0/toolchain/avr8/avr8-gnu-toolchain/bin/../lib/gcc/avr/5.4.0/avrxmega4\libgcc.a(_exit.o)
 .bss           0x00000000        0x0 c:/program files (x86)/atmel/microchip studio/7.0/toolchain/avr8/avr8-gnu-toolchain/bin/../lib/gcc/avr/5.4.0/avrxmega4\libgcc.a(_exit.o)
 .text.libgcc.mul
                0x00000000        0x0 c:/program files (x86)/atmel/microchip studio/7.0/toolchain/avr8/avr8-gnu-toolchain/bin/../lib/gcc/avr/5.4.0/avrxmega4\libgcc.a(_exit.o)
 .text.libgcc.div
                0x00000000        0x0 c:/program files (x86)/atmel/microchip studio/7.0/toolchain/avr8/avr8-gnu-toolchain/bin/../lib/gcc/avr/5.4.0/avrxmega4\libgcc.a(_exit.o)
 .text.libgcc   0x00000000        0x0 c:/program files (x86)/atmel/microchip studio/7.0/toolchain/avr8/avr8-gnu-toolchain/bin/../lib/gcc/avr/5.4.0/avrxmega4\libgcc.a(_exit.o)
 .text.libgcc.prologue
                0x00000000        0x0 c:/program files (x86)/atmel/microchip studio/7.0/toolchain/avr8/avr8-gnu-toolchain/bin/../lib/gcc/avr/5.4.0/avrxmega4\libgcc.a(_exit.o)
 .text.libgcc.builtins
                0x00000000        0x0 c:/program files (x86)/atmel/microchip studio/7.0/toolchain/avr8/avr8-gnu-toolchain/bin/../lib/gcc/avr/5.4.0/avrxmega4\libgcc.a(_exit.o)
 .text.libgcc.fmul
                0x00000000        0x0 c:/program files (x86)/atmel/microchip studio/7.0/toolchain/avr8/avr8-gnu-toolchain/bin/../lib/gcc/avr/5.4.0/avrxmega4\libgcc.a(_exit.o)
 .text.libgcc.fixed
                0x00000000        0x0 c:/program files (x86)/atmel/microchip studio/7.0/toolchain/avr8/avr8-gnu-toolchain/bin/../lib/gcc/avr/5.4.0/avrxmega4\libgcc.a(_exit.o)
 .text          0x00000000        0x0 c:/program files (x86)/atmel/microchip studio/7.0/toolchain/avr8/avr8-gnu-toolchain/bin/../lib/gcc/avr/5.4.0/avrxmega4\libgcc.a(_copy_data.o)
 .data          0x00000000        0x0 c:/program files (x86)/atmel/microchip studio/7.0/toolchain/avr8/avr8-gnu-toolchain/bin/../lib/gcc/avr/5.4.0/avrxmega4\libgcc.a(_copy_data.o)
 .bss           0x00000000        0x0 c:/program files (x86)/atmel/microchip studio/7.0/toolchain/avr8/avr8-gnu-toolchain/bin/../lib/gcc/avr/5.4.0/avrxmega4\libgcc.a(_copy_data.o)
 .text.libgcc.mul
                0x00000000        0x0 c:/program files (x86)/atmel/microchip studio/7.0/toolchain/avr8/avr8-gnu-toolchain/bin/../lib/gcc/avr/5.4.0/avrxmega4\libgcc.a(_copy_data.o)
 .text.libgcc.div
                0x00000000        0x0 c:/program files (x86)/atmel/microchip studio/7.0/toolchain/avr8/avr8-gnu-toolchain/bin/../lib/gcc/avr/5.4.0/avrxmega4\libgcc.a(_copy_data.o)
 .text.libgcc   0x00000000        0x0 c:/program files (x86)/atmel/microchip studio/7.0/toolchain/avr8/avr8-gnu-toolchain/bin/../lib/gcc/avr/5.4.0/avrxmega4\libgcc.a(_copy_data.o)
 .text.libgcc.prologue
                0x00000000        0x0 c:/program files (x86)/atmel/microchip studio/7.0/toolchain/avr8/avr8-gnu-toolchain/bin/../lib/gcc/avr/5.4.0/avrxmega4\libgcc.a(_copy_data.o)
 .text.libgcc.builtins
                0x00000000        0x0 c:/program files (x86)/atmel/microchip studio/7.0/toolchain/avr8/avr8-gnu-toolchain/bin/../lib/gcc/avr/5.4.0/avrxmega4\libgcc.a(_copy_data.o)
 .text.libgcc.fmul
                0x00000000        0x0 c:/program files (x86)/atmel/microchip studio/7.0/toolchain/avr8/avr8-gnu-toolchain/bin/../lib/gcc/avr/5.4.0/avrxmega4\libgcc.a(_copy_data.o)
 .text.libgcc.fixed
                0x00000000        0x0 c:/program files (x86)/atmel/microchip studio/7.0/toolchain/avr8/avr8-gnu-toolchain/bin/../lib/gcc/avr/5.4.0/avrxmega4\libgcc.a(_copy_data.o)
 .text          0x00000000        0x0 c:/program files (x86)/atmel/microchip studio/7.0/toolchain/avr8/avr8-gnu-toolchain/bin/../lib/gcc/avr/5.4.0/avrxmega4\libgcc.a(_clear_bss.o)
 .data          0x00000000        0x0 c:/program files (x86)/atmel/microchip studio/7.0/toolchain/avr8/avr8-gnu-toolchain/bin/../lib/gcc/avr/5.4.0/avrxmega4\libgcc.a(_clear_bss.o)
 .bss           0x00000000        0x0 c:/program files (x86)/atmel/microchip studio/7.0/toolchain/avr8/avr8-gnu-toolchain/bin/../lib/gcc/avr/5.4.0/avrxmega4\libgcc.a(_clear_bss.o)
 .text.libgcc.mul
                0x00000000        0x0 c:/program files (x86)/atmel/microchip studio/7.0/toolchain/avr8/avr8-gnu-toolchain/bin/../lib/gcc/avr/5.4.0/avrxmega4\libgcc.a(_clear_bss.o)
 .text.libgcc.div
                0x00000000        0x0 c:/program files (x86)/atmel/microchip studio/7.0/toolchain/avr8/avr8-gnu-toolchain/bin/../lib/gcc/avr/5.4.0/avrxmega4\libgcc.a(_clear_bss.o)
 .text.libgcc   0x00000000        0x0 c:/program files (x86)/atmel/microchip studio/7.0/toolchain/avr8/avr8-gnu-toolchain/bin/../lib/gcc/avr/5.4.0/avrxmega4\libgcc.a(_clear_bss.o)
 .text.libgcc.prologue
                0x00000000        0x0 c:/program files (x86)/atmel/microchip studio/7.0/toolchain/avr8/avr8-gnu-toolchain/bin/../lib/gcc/avr/5.4.0/avrxmega4\libgcc.a(_clear_bss.o)
 .text.libgcc.builtins
                0x00000000        0x0 c:/program files (x86)/atmel/microchip studio/7.0/toolchain/avr8/avr8-gnu-toolchain/bin/../lib/gcc/avr/5.4.0/avrxmega4\libgcc.a(_clear_bss.o)
 .text.libgcc.fmul
                0x00000000        0x0 c:/program files (x86)/atmel/microchip studio/7.0/toolchain/avr8/avr8-gnu-toolchain/bin/../lib/gcc/avr/5.4.0/avrxmega4\libgcc.a(_clear_bss.o)
 .text.libgcc.fixed
                0x00000000        0x0 c:/program files (x86)/atmel/microchip studio/7.0/toolchain/avr8/avr8-gnu-toolchain/bin/../lib/gcc/avr/5.4.0/avrxmega4\libgcc.a(_clear_bss.o)
 .text          0x00000000        0x0 c:/program files (x86)/atmel/microchip studio/7.0/toolchain/avr8/avr8-gnu-toolchain/bin/../lib/gcc/avr/5.4.0/avrxmega4\libgcc.a(_umulhisi3.o)
 .data          0x00000000        0x0 c:/program files (x86)/atmel/microchip studio/7.0/toolchain/avr8/avr8-gnu-toolchain/bin/../lib/gcc/avr/5.4.0/avrxmega4\libgcc.a(_umulhisi3.o)
 .bss           0x00000000        0x0 c:/program files (x86)/atmel/microchip studio/7.0/toolchain/avr8/avr8-gnu-toolchain/bin/../lib/gcc/avr/5.4.0/avrxmega4\libgcc.a(_umulhisi3.o)
 .text.libgcc.div
                0x00000000        0x0 c:/program files (x86)/atmel/microchip studio/7.0/toolchain/avr8/avr8-gnu-toolchain/bin/../lib/gcc/avr/5.4.0/avrxmega4\libgcc.a(_umulhisi3.o)
 .text.libgcc   0x00000000        0x0 c:/program files (x86)/atmel/microchip studio/7.0/toolchain/avr8/avr8-gnu-toolchain/bin/../lib/gcc/avr/5.4.0/avrxmega4\libgcc.a(_umulhisi3.o)
 .text.libgcc.prologue
                0x00000000        0x0 c:/program files (x86)/atmel/microchip studio/7.0/toolchain/avr8/avr8-gnu-toolchain/bin/../lib/gcc/avr/5.4.0/avrxmega4\libgcc.a(_umulhisi3.o)
 .text.libgcc.builtins
                0x00000000        0x0 c:/program files (x86)/atmel/microchip studio/7.0/toolchain/avr8/avr8-gnu-toolchain/bin/../lib/gcc/avr/5.4.0/avrxmega4\libgcc.a(_umulhisi3.o)
 .text.libgcc.fmul
                0x00000000        0x0 c:/program files (x86)/atmel/microchip studio/7.0/toolchain/avr8/avr8-gnu-toolchain/bin/../lib/gcc/avr/5.4.0/avrxmega4\libgcc.a(_umulhisi3.o)
 .text.libgcc.fixed
                0x00000000        0x0 c:/program files (x86)/atmel/microchip studio/7.0/toolchain/avr8/avr8-gnu-toolchain/bin/../lib/gcc/avr/5.4.0/avrxmega4\libgcc.a(_umulhisi3.o)

Memory Configuration

Name             Origin             Length             Attributes
text             0x00000000         0x00020000         xr
data             0x00804000         0x00004000         rw !x
eeprom           0x00810000         0x00000200         rw !x
fuse             0x00820000         0x00000010         rw !x
lock             0x00830000         0x00000400         rw !x
signature        0x00840000         0x00000400         rw !x
user_signatures  0x00850000         0x00000400         rw !x
*default*        0x00000000         0xffffffff

Linker script and memory map

Address of section .data set to 0x804000
                0x00008000                __RODATA_PM_OFFSET__ = 0x8000
LOAD C:/Program Files (x86)/Atmel/Microchip Studio/7.0/Packs/Atmel/AVR-Dx_DFP/2.4.286/gcc/dev/avr128da48/avrxmega4/crtavr128da48.o
LOAD main.o
LOAD src/adc_driver.o
LOAD src/gpio.o
LOAD src/scheduler.o
LOAD src/tasks.o
LOAD src/tcb_timer.o
LOAD src/uart.o
START GROUP
LOAD c:/program files (x86)/atmel/microchip studio/7.0/toolchain/avr8/avr8-gnu-toolchain/bin/../lib/gcc/avr/5.4.0/../../../../avr/lib/avrxmega4\libm.a
END GROUP
START GROUP
LOAD c:/program files (x86)/atmel/microchip studio/7.0/toolchain/avr8/avr8-gnu-toolchain/bin/../lib/gcc/avr/5.4.0/avrxmega4\libgcc.a
LOAD c:/program files (x86)/atmel/microchip studio/7.0/toolchain/avr8/avr8-gnu-toolchain/bin/../lib/gcc/avr/5.4.0/../../../../avr/lib/avrxmega4\libm.a
LOAD c:/program files (x86)/atmel/microchip studio/7.0/toolchain/avr8/avr8-gnu-toolchain/bin/../lib/gcc/avr/5.4.0/../../../../avr/lib/avrxmega4\libc.a
LOAD C:/Program Files (x86)/Atmel/Microchip Studio/7.0/Packs/Atmel/AVR-Dx_DFP/2.4.286/gcc/dev/avr128da48/avrxmega4\libavr128da48.a
END GROUP
                [0x00000000]                __TEXT_REGION_ORIGIN__ = DEFINED (__TEXT_REGION_ORIGIN__)?__TEXT_REGION_ORIGIN__:0x0
                [0x00804000]                __DATA_REGION_ORIGIN__ = DEFINED (__DATA_REGION_ORIGIN__)?__DATA_REGION_ORIGIN__:0x802000
                [0x00020000]                __TEXT_REGION_LENGTH__ = DEFINED (__TEXT_REGION_LENGTH__)?__TEXT_REGION_LENGTH__:0x100000
                [0x00004000]                __DATA_REGION_LENGTH__ = DEFINED (__DATA_REGION_LENGTH__)?__DATA_REGION_LENGTH__:0xffa0
                [0x00000200]                __EEPROM_REGION_LENGTH__ = DEFINED (__EEPROM_REGION_LENGTH__)?__EEPROM_REGION_LENGTH__:0x10000
                [0x00000010]                __FUSE_REGION_LENGTH__ = DEFINED (__FUSE_REGION_LENGTH__)?__FUSE_REGION_LENGTH__:0x400
                0x00000400                __LOCK_REGION_LENGTH__ = DEFINED (__LOCK_REGION_LENGTH__)?__LOCK_REGION_LENGTH__:0x400
                0x00000400                __SIGNATURE_REGION_LENGTH__ = DEFINED (__SIGNATURE_REGION_LENGTH__)?__SIGNATURE_REGION_LENGTH__:0x400
                0x00000400                __USER_SIGNATURE_REGION_LENGTH__ = DEFINED (__USER_SIGNATURE_REGION_LENGTH__)?__USER_SIGNATURE_REGION_LENGTH__:0x400

.hash
 *(.hash)

.dynsym
 *(.dynsym)

.dynstr
 *(.dynstr)

.gnu.version
 *(.gnu.version)

.gnu.version_d
 *(.gnu.version_d)

.gnu.version_r
 *(.gnu.version_r)

.rel.init
 *(.rel.init)

.rela.init
 *(.rela.init)

.rel.text
 *(.rel.text)
 *(.rel.text.*)
 *(.rel.gnu.linkonce.t*)

.rela.text
 *(.rela.text)
 *(.rela.text.*)
 *(.rela.gnu.linkonce.t*)

.rel.fini
 *(.rel.fini)

.rela.fini
 *(.rela.fini)

.rel.rodata
 *(.rel.rodata)
 *(.rel.rodata.*)
 *(.rel.gnu.linkonce.r*)

.rela.rodata
 *(.rela.rodata)
 *(.rela.rodata.*)
 *(.rela.gnu.linkonce.r*)

.rel.data
 *(.rel.data)
 *(.rel.data.*)
 *(.rel.gnu.linkonce.d*)

.rela.data
 *(.rela.data)
 *(.rela.data.*)
 *(.rela.gnu.linkonce.d*)

.rel.ctors
 *(.rel.ctors)

.rela.ctors
 *(.rela.ctors)

.rel.dtors
 *(.rel.dtors)

.rela.dtors
 *(.rela.dtors)

.rel.got
 *(.rel.got)

.rela.got
 *(.rela.got)

.rel.bss
 *(.rel.bss)

.rela.bss
 *(.rela.bss)

.rel.plt
 *(.rel.plt)

.rela.plt
 *(.rela.plt)

.text           0x00000000      0x7e4
 *(.vectors)
 .vectors       0x00000000       0xe8 C:/Program Files (x86)/Atmel/Microchip Studio/7.0/Packs/Atmel/AVR-Dx_DFP/2.4.286/gcc/dev/avr128da48/avrxmega4/crtavr128da48.o
                0x00000000                __vector_default
                0x00000000                __vectors
 *(.vectors)
 *(.progmem.gcc*)
                0x000000e8                . = ALIGN (0x2)
                0x000000e8                __trampolines_start = .
 *(.trampolines)
 .trampolines   0x000000e8        0x0 linker stubs
 *(.trampolines*)
                0x000000e8                __trampolines_end = .
 *libprintf_flt.a:*(.progmem.data)
 *libc.a:*(.progmem.data)
 *(.progmem*)
                0x000000e8                . = ALIGN (0x2)
 *(.jumptables)
 *(.jumptables*)
 *(.lowtext)
 *(.lowtext*)
                0x000000e8                __ctors_start = .
 *(.ctors)
                0x000000e8                __ctors_end = .
                0x000000e8                __dtors_start = .
 *(.dtors)
                0x000000e8                __dtors_end = .
 SORT(*)(.ctors)
 SORT(*)(.dtors)
 *(.init0)
 .init0         0x000000e8        0x0 C:/Program Files (x86)/Atmel/Microchip Studio/7.0/Packs/Atmel/AVR-Dx_DFP/2.4.286/gcc/dev/avr128da48/avrxmega4/crtavr128da48.o
                0x000000e8                __init
 *(.init0)
 *(.init1)
 *(.init1)
 *(.init2)
 .init2         0x000000e8        0xc C:/Program Files (x86)/Atmel/Microchip Studio/7.0/Packs/Atmel/AVR-Dx_DFP/2.4.286/gcc/dev/avr128da48/avrxmega4/crtavr128da48.o
 *(.init2)
 *(.init3)
 *(.init3)
 *(.init4)
 .init4         0x000000f4       0x1a c:/program files (x86)/atmel/microchip studio/7.0/toolchain/avr8/avr8-gnu-toolchain/bin/../lib/gcc/avr/5.4.0/avrxmega4\libgcc.a(_copy_data.o)
                0x000000f4                __do_copy_data
 .init4         0x0000010e       0x10 c:/program files (x86)/atmel/microchip studio/7.0/toolchain/avr8/avr8-gnu-toolchain/bin/../lib/gcc/avr/5.4.0/avrxmega4\libgcc.a(_clear_bss.o)
                0x0000010e                __do_clear_bss
 *(.init4)
 *(.init5)
 *(.init5)
 *(.init6)
 *(.init6)
 *(.init7)
 *(.init7)
 *(.init8)
 *(.init8)
 *(.init9)
 .init9         0x0000011e        0x8 C:/Program Files (x86)/Atmel/Microchip Studio/7.0/Packs/Atmel/AVR-Dx_DFP/2.4.286/gcc/dev/avr128da48/avrxmega4/crtavr128da48.o
 *(.init9)
 *(.text)
 .text          0x00000126        0x4 C:/Program Files (x86)/Atmel/Microchip Studio/7.0/Packs/Atmel/AVR-Dx_DFP/2.4.286/gcc/dev/avr128da48/avrxmega4/crtavr128da48.o
                0x00000126                __vector_38
                0x00000126                __vector_22
                0x00000126                __vector_28
                0x00000126                __vector_1
                0x00000126                __vector_32
                0x00000126                __vector_34
                0x00000126                __vector_24
                0x00000126                __vector_55
                0x00000126                __vector_46
                0x00000126                __bad_interrupt
                0x00000126                __vector_6
                0x00000126                __vector_31
                0x00000126                __vector_35
                0x00000126                __vector_39
                0x00000126                __vector_3
                0x00000126                __vector_23
                0x00000126                __vector_30
                0x00000126                __vector_45
                0x00000126                __vector_25
                0x00000126                __vector_11
                0x00000126                __vector_54
                0x00000126                __vector_13
                0x00000126                __vector_17
                0x00000126                __vector_19
                0x00000126                __vector_56
                0x00000126                __vector_7
                0x00000126                __vector_49
                0x00000126                __vector_41
                0x00000126                __vector_43
                0x00000126                __vector_27
                0x00000126                __vector_5
                0x00000126                __vector_33
                0x00000126                __vector_47
                0x00000126                __vector_52
                0x00000126                __vector_37
                0x00000126                __vector_4
                0x00000126                __vector_44
                0x00000126                __vector_51
                0x00000126                __vector_9
                0x00000126                __vector_2
                0x00000126                __vector_21
                0x00000126                __vector_15
                0x00000126                __vector_36
                0x00000126                __vector_29
                0x00000126                __vector_40
                0x00000126                __vector_8
                0x00000126                __vector_26
                0x00000126                __vector_48
                0x00000126                __vector_14
                0x00000126                __vector_57
                0x00000126                __vector_53
                0x00000126                __vector_10
                0x00000126                __vector_50
                0x00000126                __vector_16
                0x00000126                __vector_18
                0x00000126                __vector_20
                0x00000126                __vector_42
                0x0000012a                . = ALIGN (0x2)
 *(.text.*)
 .text.main     0x0000012a       0x2c main.o
                0x0000012a                main
 .text.adc_init
                0x00000156       0x1e src/adc_driver.o
                0x00000156                adc_init
 .text.adc_read_blocking
                0x00000174       0x1c src/adc_driver.o
                0x00000174                adc_read_blocking
 .text.gpio_init
                0x00000190       0x12 src/gpio.o
                0x00000190                gpio_init
 .text.__vector_12
                0x000001a2      0x1d0 src/scheduler.o
                0x000001a2                __vector_12
 .text.scheduler_init
                0x00000372       0x56 src/scheduler.o
                0x00000372                scheduler_init
 .text.scheduler_run
                0x000003c8       0x2a src/scheduler.o
                0x000003c8                scheduler_run
 .text.task_adc_sample
                0x000003f2       0x46 src/tasks.o
                0x000003f2                task_adc_sample
 .text.task_counter_update
                0x00000438       0x8a src/tasks.o
                0x00000438                task_counter_update
 .text.task_button_check
                0x000004c2      0x10a src/tasks.o
                0x000004c2                task_button_check
 .text.task_led_toggle
                0x000005cc       0x28 src/tasks.o
                0x000005cc                task_led_toggle
 .text.tcb0_init
                0x000005f4       0x18 src/tcb_timer.o
                0x000005f4                tcb0_init
 .text.uart_init
                0x0000060c       0x22 src/uart.o
                0x0000060c                uart_init
 .text.uart_send_byte
                0x0000062e        0xe src/uart.o
                0x0000062e                uart_send_byte
 .text.uart_print_string
                0x0000063c       0x1a src/uart.o
                0x0000063c                uart_print_string
 .text.uart_print_uint16
                0x00000656       0xaa src/uart.o
                0x00000656                uart_print_uint16
 .text.uart_print_uint32
                0x00000700       0x7e src/uart.o
                0x00000700                uart_print_uint32
 .text.libgcc.div
                0x0000077e       0x44 c:/program files (x86)/atmel/microchip studio/7.0/toolchain/avr8/avr8-gnu-toolchain/bin/../lib/gcc/avr/5.4.0/avrxmega4\libgcc.a(_udivmodsi4.o)
                0x0000077e                __udivmodsi4
 .text.libgcc.mul
                0x000007c2       0x1e c:/program files (x86)/atmel/microchip studio/7.0/toolchain/avr8/avr8-gnu-toolchain/bin/../lib/gcc/avr/5.4.0/avrxmega4\libgcc.a(_umulhisi3.o)
                0x000007c2                __umulhisi3
                0x000007e0                . = ALIGN (0x2)
 *(.fini9)
 .fini9         0x000007e0        0x0 c:/program files (x86)/atmel/microchip studio/7.0/toolchain/avr8/avr8-gnu-toolchain/bin/../lib/gcc/avr/5.4.0/avrxmega4\libgcc.a(_exit.o)
                0x000007e0                _exit
                0x000007e0                exit
 *(.fini9)
 *(.fini8)
 *(.fini8)
 *(.fini7)
 *(.fini7)
 *(.fini6)
 *(.fini6)
 *(.fini5)
 *(.fini5)
 *(.fini4)
 *(.fini4)
 *(.fini3)
 *(.fini3)
 *(.fini2)
 *(.fini2)
 *(.fini1)
 *(.fini1)
 *(.fini0)
 .fini0         0x000007e0        0x4 c:/program files (x86)/atmel/microchip studio/7.0/toolchain/avr8/avr8-gnu-toolchain/bin/../lib/gcc/avr/5.4.0/avrxmega4\libgcc.a(_exit.o)
 *(.fini0)
                0x000007e4                _etext = .

.data           0x00804000       0xf2 load address 0x000007e4
                0x00804000                PROVIDE (__data_start, .)
 *(.data)
 *(.data*)
 *(.gnu.linkonce.d*)
 *(.rodata)
 *(.rodata*)
 .rodata.str1.1
                0x00804000       0x71 main.o
 .rodata.str1.1
                0x00804071       0x80 src/tasks.o
                                 0x89 (size before relaxing)
 *(.gnu.linkonce.r*)
                0x008040f2                . = ALIGN (0x2)
 *fill*         0x008040f1        0x1 
                0x008040f2                _edata = .
                0x008040f2                PROVIDE (__data_end, .)

.bss            0x008040f2       0x22
                0x008040f2                PROVIDE (__bss_start, .)
 *(.bss)
 *(.bss*)
 .bss.s_last_led
                0x008040f2        0x4 src/scheduler.o
 .bss.s_last_button
                0x008040f6        0x4 src/scheduler.o
 .bss.s_last_counter
                0x008040fa        0x4 src/scheduler.o
 .bss.s_last_adc
                0x008040fe        0x4 src/scheduler.o
 .bss.g_task_flags
                0x00804102        0x1 src/scheduler.o
                0x00804102                g_task_flags
 .bss.g_tick_ms
                0x00804103        0x4 src/scheduler.o
                0x00804103                g_tick_ms
 .bss.hold_count.3961
                0x00804107        0x2 src/tasks.o
 .bss.prev_stable.3960
                0x00804109        0x1 src/tasks.o
 .bss.debounce_count.3958
                0x0080410a        0x1 src/tasks.o
 .bss.stable_state.3959
                0x0080410b        0x1 src/tasks.o
 .bss.g_led_state
                0x0080410c        0x1 src/tasks.o
                0x0080410c                g_led_state
 .bss.g_button_pressed
                0x0080410d        0x1 src/tasks.o
                0x0080410d                g_button_pressed
 .bss.g_second_counter
                0x0080410e        0x4 src/tasks.o
                0x0080410e                g_second_counter
 .bss.g_adc_result
                0x00804112        0x2 src/tasks.o
                0x00804112                g_adc_result
 *(COMMON)
                0x00804114                PROVIDE (__bss_end, .)
                0x000007e4                __data_load_start = LOADADDR (.data)
                0x000008d6                __data_load_end = (__data_load_start + SIZEOF (.data))

.noinit         0x00804114        0x0
                [!provide]                PROVIDE (__noinit_start, .)
 *(.noinit*)
                [!provide]                PROVIDE (__noinit_end, .)
                0x00804114                _end = .
                [!provide]                PROVIDE (__heap_start, .)

.eeprom         0x00810000        0x0
 *(.eeprom*)
                0x00810000                __eeprom_end = .

.fuse
 *(.fuse)
 *(.lfuse)
 *(.hfuse)
 *(.efuse)

.lock
 *(.lock*)

.signature
 *(.signature*)

.user_signatures
 *(.user_signatures*)

.stab
 *(.stab)

.stabstr
 *(.stabstr)

.stab.excl
 *(.stab.excl)

.stab.exclstr
 *(.stab.exclstr)

.stab.index
 *(.stab.index)

.stab.indexstr
 *(.stab.indexstr)

.comment        0x00000000       0x30
 *(.comment)
 .comment       0x00000000       0x30 main.o
                                 0x31 (size before relaxing)
 .comment       0x00000030       0x31 src/adc_driver.o
 .comment       0x00000030       0x31 src/gpio.o
 .comment       0x00000030       0x31 src/scheduler.o
 .comment       0x00000030       0x31 src/tasks.o
 .comment       0x00000030       0x31 src/tcb_timer.o
 .comment       0x00000030       0x31 src/uart.o

.note.gnu.avr.deviceinfo
                0x00000000       0x40
 .note.gnu.avr.deviceinfo
                0x00000000       0x40 C:/Program Files (x86)/Atmel/Microchip Studio/7.0/Packs/Atmel/AVR-Dx_DFP/2.4.286/gcc/dev/avr128da48/avrxmega4/crtavr128da48.o

.note.gnu.build-id
 *(.note.gnu.build-id)

.debug
 *(.debug)

.line
 *(.line)

.debug_srcinfo
 *(.debug_srcinfo)

.debug_sfnames
 *(.debug_sfnames)

.debug_aranges  0x00000000      0x130
 *(.debug_aranges)
 .debug_aranges
                0x00000000       0x20 main.o
 .debug_aranges
                0x00000020       0x28 src/adc_driver.o
 .debug_aranges
                0x00000048       0x20 src/gpio.o
 .debug_aranges
                0x00000068       0x30 src/scheduler.o
 .debug_aranges
                0x00000098       0x38 src/tasks.o
 .debug_aranges
                0x000000d0       0x20 src/tcb_timer.o
 .debug_aranges
                0x000000f0       0x40 src/uart.o

.debug_pubnames
 *(.debug_pubnames)

.debug_info     0x00000000     0x4d7c
 *(.debug_info .gnu.linkonce.wi.*)
 .debug_info    0x00000000     0x3227 C:/Program Files (x86)/Atmel/Microchip Studio/7.0/Packs/Atmel/AVR-Dx_DFP/2.4.286/gcc/dev/avr128da48/avrxmega4/crtavr128da48.o
 .debug_info    0x00003227      0x152 main.o
 .debug_info    0x00003379      0x66e src/adc_driver.o
 .debug_info    0x000039e7      0x254 src/gpio.o
 .debug_info    0x00003c3b      0x325 src/scheduler.o
 .debug_info    0x00003f60      0x610 src/tasks.o
 .debug_info    0x00004570      0x245 src/tcb_timer.o
 .debug_info    0x000047b5      0x5c7 src/uart.o

.debug_abbrev   0x00000000     0x3794
 *(.debug_abbrev)
 .debug_abbrev  0x00000000     0x2f80 C:/Program Files (x86)/Atmel/Microchip Studio/7.0/Packs/Atmel/AVR-Dx_DFP/2.4.286/gcc/dev/avr128da48/avrxmega4/crtavr128da48.o
 .debug_abbrev  0x00002f80       0x81 main.o
 .debug_abbrev  0x00003001      0x13a src/adc_driver.o
 .debug_abbrev  0x0000313b       0xa4 src/gpio.o
 .debug_abbrev  0x000031df      0x157 src/scheduler.o
 .debug_abbrev  0x00003336      0x1c0 src/tasks.o
 .debug_abbrev  0x000034f6       0xf3 src/tcb_timer.o
 .debug_abbrev  0x000035e9      0x1ab src/uart.o

.debug_line     0x00000000      0xdbb
 *(.debug_line .debug_line.* .debug_line_end)
 .debug_line    0x00000000      0x1f3 C:/Program Files (x86)/Atmel/Microchip Studio/7.0/Packs/Atmel/AVR-Dx_DFP/2.4.286/gcc/dev/avr128da48/avrxmega4/crtavr128da48.o
 .debug_line    0x000001f3       0xc0 main.o
 .debug_line    0x000002b3      0x170 src/adc_driver.o
 .debug_line    0x00000423      0x12c src/gpio.o
 .debug_line    0x0000054f      0x21e src/scheduler.o
 .debug_line    0x0000076d      0x317 src/tasks.o
 .debug_line    0x00000a84      0x131 src/tcb_timer.o
 .debug_line    0x00000bb5      0x206 src/uart.o

.debug_frame    0x00000000      0x218
 *(.debug_frame)
 .debug_frame   0x00000000       0x24 main.o
 .debug_frame   0x00000024       0x34 src/adc_driver.o
 .debug_frame   0x00000058       0x24 src/gpio.o
 .debug_frame   0x0000007c       0x84 src/scheduler.o
 .debug_frame   0x00000100       0x54 src/tasks.o
 .debug_frame   0x00000154       0x24 src/tcb_timer.o
 .debug_frame   0x00000178       0xa0 src/uart.o

.debug_str      0x00000000     0x220b
 *(.debug_str)
 .debug_str     0x00000000     0x153f C:/Program Files (x86)/Atmel/Microchip Studio/7.0/Packs/Atmel/AVR-Dx_DFP/2.4.286/gcc/dev/avr128da48/avrxmega4/crtavr128da48.o
 .debug_str     0x0000153f      0x1e0 main.o
                                0x214 (size before relaxing)
 .debug_str     0x0000171f      0x645 src/adc_driver.o
                                0x7fb (size before relaxing)
 .debug_str     0x00001d64        0xe src/gpio.o
                                0x2b1 (size before relaxing)
 .debug_str     0x00001d72       0xeb src/scheduler.o
                                0x32c (size before relaxing)
 .debug_str     0x00001e5d      0x127 src/tasks.o
                                0x451 (size before relaxing)
 .debug_str     0x00001f84       0x83 src/tcb_timer.o
                                0x2de (size before relaxing)
 .debug_str     0x00002007      0x204 src/uart.o
                                0x534 (size before relaxing)

.debug_loc      0x00000000      0x3e0
 *(.debug_loc)
 .debug_loc     0x00000000       0xd9 src/scheduler.o
 .debug_loc     0x000000d9       0xae src/tasks.o
 .debug_loc     0x00000187      0x259 src/uart.o

.debug_macinfo
 *(.debug_macinfo)

.debug_weaknames
 *(.debug_weaknames)

.debug_funcnames
 *(.debug_funcnames)

.debug_typenames
 *(.debug_typenames)

.debug_varnames
 *(.debug_varnames)

.debug_pubtypes
 *(.debug_pubtypes)

.debug_ranges   0x00000000       0xc0
 *(.debug_ranges)
 .debug_ranges  0x00000000       0x10 main.o
 .debug_ranges  0x00000010       0x18 src/adc_driver.o
 .debug_ranges  0x00000028       0x10 src/gpio.o
 .debug_ranges  0x00000038       0x20 src/scheduler.o
 .debug_ranges  0x00000058       0x28 src/tasks.o
 .debug_ranges  0x00000080       0x10 src/tcb_timer.o
 .debug_ranges  0x00000090       0x30 src/uart.o

.debug_macro
 *(.debug_macro)
OUTPUT(Task_Scheduler_Advanced_Example.elf elf32-avr)
LOAD linker stubs
